// Jest Snapshot v1, https://goo.gl/fbAQLP

exports[`tests Counter Button component expect to render CounterButton component 1`] = `ShallowWrapper {}`;
